[32m[2026-09-23 22:56:02 INFO] Validating the experiment's syntax
[32m[2026-09-23 22:56:02 INFO] Experiment looks valid
[32m[2026-09-23 22:56:02 INFO] Running experiment: E3 - Caída de ambos nodos core (evaluación de degradación gradual)
[32m[2026-09-23 22:56:02 INFO] Steady-state strategy: default
[32m[2026-09-23 22:56:02 INFO] Rollbacks strategy: default
[32m[2026-09-23 22:56:02 INFO] Steady state hypothesis: Los usuarios pueden consultar saldo y transferir (≥95 % de operaciones exitosas en < 1 s)
[32m[2026-09-23 22:56:02 INFO] Probe: gateway-responde
[32m[2026-09-23 22:56:02 INFO] Probe: tasa-de-exito-usuario
[32m[2026-09-23 22:56:02 INFO] Steady state hypothesis is met!
[32m[2026-09-23 22:56:02 INFO] Playing your experiment's method now...
[32m[2026-09-23 22:56:02 INFO] Action: matar-core-9001
[32m[2026-09-23 22:56:02 INFO] Action: matar-core-9002
[32m[2026-09-23 22:56:02 INFO] Pausing after activity for 15s...
[32m[2026-09-23 22:56:17 INFO] Probe: observar-tasa-durante-fallo
[32m[2026-09-23 22:56:17 INFO] Steady state hypothesis: Los usuarios pueden consultar saldo y transferir (≥95 % de operaciones exitosas en < 1 s)
[32m[2026-09-23 22:56:17 INFO] Probe: gateway-responde
[32m[2026-09-23 22:56:17 INFO] Probe: tasa-de-exito-usuario
[31m[2026-09-23 22:56:17 CRITICAL] Steady state probe 'tasa-de-exito-usuario' is not in the given tolerance so failing this experiment
[32m[2026-09-23 22:56:17 INFO] Let's rollback...
[32m[2026-09-23 22:56:17 INFO] Rollback: reiniciar-core-9001
[32m[2026-09-23 22:56:17 INFO] Action: reiniciar-core-9001
[32m[2026-09-23 22:56:17 INFO] Rollback: reiniciar-core-9002
[32m[2026-09-23 22:56:17 INFO] Action: reiniciar-core-9002
[32m[2026-09-23 22:56:17 INFO] Pausing after activity for 2s...
[32m[2026-09-23 22:56:19 INFO] Experiment ended with status: deviated
[32m[2026-09-23 22:56:19 INFO] The steady-state has deviated, a weakness may have been discovered
